Support for Android x86 targets will be removed in the next stable release after 3.27. See https://github.com/flutter/flutter/issues/157543 for details.
Running Gradle task 'assembleDebug'...                             79.4s
ΓêÜ Built build\app\outputs\flutter-apk\app-debug.apk
